{"success":true,"converters":[{"id":"docx-to-pdf","name":"DOCX to PDF","description":"Converte documentos Word para PDF","inputFormats":["docx","doc","odt","rtf"],"outputFormat":"pdf","category":"document","requiredTools":["libreoffice (system)"]},{"id":"excel-to-csv","name":"excelToCsv","description":"Converter: excelToCsv","inputFormats":["xlsx","xls"],"outputFormat":"*","category":"spreadsheet","requiredTools":[]},{"id":"ffmpeg-converter","name":"ffmpegConverter","description":"Converter: ffmpegConverter","inputFormats":["*"],"outputFormat":"*","category":"video","requiredTools":[]},{"id":"image-optimize-whatsapp","name":"Optimize Image for WhatsApp","description":"Comprime imagens para WhatsApp (leve e r├ípido de enviar)","inputFormats":["png","jpg","jpeg","webp","gif","bmp"],"outputFormat":"jpg","category":"image","requiredTools":["sharp (npm)"]},{"id":"image-to-pdf","name":"Image to PDF","description":"Converte imagens para PDF. Suporta PNG, JPG, WEBP.","inputFormats":["png","jpg","jpeg","webp"],"outputFormat":"pdf","category":"image","requiredTools":["sharp (npm)","pdfkit (npm)"]},{"id":"jpg-to-webp","name":"JPG to WebP","description":"Converte JPG para WebP - formato moderno com melhor compress├úo.","inputFormats":["jpg","jpeg"],"outputFormat":"webp","category":"image","requiredTools":["sharp (npm)"]},{"id":"json-to-csv","name":"jsonToCsv","description":"Converter: jsonToCsv","inputFormats":["json"],"outputFormat":"*","category":"spreadsheet","requiredTools":[]},{"id":"libreoffice-converter","name":"libreofficeConverter","description":"Converter: libreofficeConverter","inputFormats":["*"],"outputFormat":"*","category":"document","requiredTools":[]},{"id":"mpp-to-xml","name":"mppToXml","description":"Converter: mppToXml","inputFormats":["mpp"],"outputFormat":"*","category":"data","requiredTools":[]},{"id":"pandoc-converter","name":"pandocConverter","description":"Converter: pandocConverter","inputFormats":["*"],"outputFormat":"*","category":"document","requiredTools":[]},{"id":"pdf-compress","name":"PDF Compress","description":"Comprime PDFs para reduzir tamanho","inputFormats":["pdf"],"outputFormat":"pdf","category":"document","requiredTools":["ghostscript (system)"]},{"id":"pdf-to-image","name":"PDF to Image","description":"Converte p├íginas de PDF para imagens (PNG ou JPG) usando pdftoppm (poppler).","inputFormats":["pdf"],"outputFormat":"png","category":"image","requiredTools":["pdftoppm"]},{"id":"png-to-jpg","name":"PNG to JPG","description":"Converte imagens PNG para JPG com controle de qualidade.","inputFormats":["png"],"outputFormat":"jpg","category":"image","requiredTools":["sharp (npm)"]},{"id":"template-converter","name":"Template Converter","description":"Template converter example - copy and modify for new converters","inputFormats":["txt"],"outputFormat":"txt","category":"other","requiredTools":[]},{"id":"video-compress-whatsapp","name":"Video Compress for WhatsApp","description":"Comprime v├¡deos para WhatsApp (max 16MB)","inputFormats":["mp4","avi","mkv","mov","wmv","webm"],"outputFormat":"mp4","category":"video","requiredTools":["ffmpeg (system)"]},{"id":"video-to-mp4","name":"Video to MP4","description":"Converte v├¡deos para MP4 (formato universal)","inputFormats":["avi","mkv","mov","wmv","flv","webm","mpeg","mpg","3gp","ts","m4v"],"outputFormat":"mp4","category":"video","requiredTools":["ffmpeg (system)"]},{"id":"video-to-social","name":"Video to Social Media","description":"Converte v├¡deos para TikTok, Reels, Shorts (9:16)","inputFormats":["mp4","avi","mkv","mov","wmv","webm"],"outputFormat":"mp4","category":"video","requiredTools":["ffmpeg (system)"]},{"id":"xml-to-mpp","name":"xmlToMpp","description":"Converter: xmlToMpp","inputFormats":["xml"],"outputFormat":"*","category":"data","requiredTools":[]},{"id":"zip-to-xml","name":"zipToXml","description":"Converter: zipToXml","inputFormats":["zip"],"outputFormat":"*","category":"data","requiredTools":[]}],"count":19}
